// Jest Snapshot v1, https://goo.gl/fbAQLP

exports[`<ProductList /> renders correctly all the components 1`] = `ShallowWrapper {}`;
